
Memory Configuration

Name             Origin             Length             Attributes
FLASH            0x0000000008000000 0x0000000000080000 xr
SRAM             0x0000000020000000 0x0000000000020000 xrw
*default*        0x0000000000000000 0xffffffffffffffff

Linker script and memory map

LOAD main.o
LOAD startup.o
                0x0000000020020000                _estack = (ORIGIN (SRAM) + LENGTH (SRAM))
                0x0000000000000200                __max_heap_size = 0x200
                0x0000000000000400                __max_stack_size = 0x400

.text           0x0000000008000000      0x250
                0x0000000008000000                . = ALIGN (0x4)
 *(.isr_vector_tbl)
 .isr_vector_tbl
                0x0000000008000000      0x120 startup.o
                0x0000000008000000                vector_tbl
 *(.text)
 .text          0x0000000008000120       0xac main.o
                0x0000000008000120                main
 .text          0x00000000080001cc       0x84 startup.o
                0x00000000080001cc                RTC_Alarm_IRQHandler
                0x00000000080001cc                EXTI2_IRQHandler
                0x00000000080001cc                SPI4_IRQHandler
                0x00000000080001cc                TIM1_CC_IRQHandler
                0x00000000080001cc                DMA2_Stream5_IRQHandler
                0x00000000080001cc                HardFault_Handler
                0x00000000080001cc                DMA1_Stream5_IRQHandler
                0x00000000080001cc                SysTick_Handler
                0x00000000080001cc                PVD_IRQHandler
                0x00000000080001cc                SDIO_IRQHandler
                0x00000000080001cc                TAMP_STAMP_IRQHandler
                0x00000000080001cc                PendSV_Handler
                0x00000000080001cc                NMI_Handler
                0x00000000080001cc                EXTI3_IRQHandler
                0x00000000080001cc                TIM1_UP_TIM10_IRQHandler
                0x00000000080001cc                I2C3_ER_IRQHandler
                0x00000000080001cc                EXTI0_IRQHandler
                0x00000000080001cc                I2C2_EV_IRQHandler
                0x00000000080001cc                DMA1_Stream2_IRQHandler
                0x00000000080001cc                FPU_IRQHandler
                0x00000000080001cc                UsageFault_Handler
                0x00000000080001cc                DMA2_Stream2_IRQHandler
                0x00000000080001cc                SPI1_IRQHandler
                0x00000000080001cc                TIM1_BRK_TIM9_IRQHandler
                0x00000000080001cc                DMA2_Stream3_IRQHandler
                0x00000000080001cc                USART6_IRQHandler
                0x00000000080001cc                DMA2_Stream0_IRQHandler
                0x00000000080001cc                TIM4_IRQHandler
                0x00000000080001cc                I2C1_EV_IRQHandler
                0x00000000080001cc                DMA1_Stream6_IRQHandler
                0x00000000080001cc                DMA1_Stream1_IRQHandler
                0x00000000080001cc                TIM3_IRQHandler
                0x00000000080001cc                RCC_IRQHandler
                0x00000000080001cc                Default_Handler
                0x00000000080001cc                EXTI15_10_IRQHandler
                0x00000000080001cc                ADC_IRQHandler
                0x00000000080001cc                DMA1_Stream7_IRQHandler
                0x00000000080001cc                SPI5_IRQHandler
                0x00000000080001cc                TIM5_IRQHandler
                0x00000000080001cc                DMA2_Stream7_IRQHandler
                0x00000000080001cc                I2C3_EV_IRQHandler
                0x00000000080001cc                EXTI9_5_IRQHandler
                0x00000000080001cc                RTC_WKUP_IRQHandler
                0x00000000080001cc                SPI2_IRQHandler
                0x00000000080001cc                MemManage_Handler
                0x00000000080001cc                DMA1_Stream0_IRQHandler
                0x00000000080001cc                SVC_Handler
                0x00000000080001cc                EXTI4_IRQHandler
                0x00000000080001cc                WWDG_IRQHandler
                0x00000000080001cc                TIM2_IRQHandler
                0x00000000080001cc                OTG_FS_WKUP_IRQHandler
                0x00000000080001cc                TIM1_TRG_COM_TIM11_IRQHandler
                0x00000000080001cc                EXTI1_IRQHandler
                0x00000000080001cc                USART2_IRQHandler
                0x00000000080001cc                I2C2_ER_IRQHandler
                0x00000000080001cc                DMA2_Stream1_IRQHandler
                0x00000000080001cc                FLASH_IRQHandler
                0x00000000080001cc                DMA2_Stream4_IRQHandler
                0x00000000080001cc                BusFault_Handler
                0x00000000080001cc                USART1_IRQHandler
                0x00000000080001cc                OTG_FS_IRQHandler
                0x00000000080001cc                SPI3_IRQHandler
                0x00000000080001cc                DMA1_Stream4_IRQHandler
                0x00000000080001cc                I2C1_ER_IRQHandler
                0x00000000080001cc                DebugMonitor_Handler
                0x00000000080001cc                DMA2_Stream6_IRQHandler
                0x00000000080001cc                DMA1_Stream3_IRQHandler
                0x00000000080001d2                Reset_Handler
 *(.rodata)
                0x0000000008000250                . = ALIGN (0x4)
                0x0000000008000250                _etext = .

.glue_7         0x0000000008000250        0x0
 .glue_7        0x0000000008000250        0x0 linker stubs

.glue_7t        0x0000000008000250        0x0
 .glue_7t       0x0000000008000250        0x0 linker stubs

.vfp11_veneer   0x0000000008000250        0x0
 .vfp11_veneer  0x0000000008000250        0x0 linker stubs

.v4_bx          0x0000000008000250        0x0
 .v4_bx         0x0000000008000250        0x0 linker stubs

.iplt           0x0000000008000250        0x0
 .iplt          0x0000000008000250        0x0 startup.o

.rel.dyn        0x0000000008000250        0x0
 .rel.iplt      0x0000000008000250        0x0 startup.o

.data           0x0000000020000000        0x0 load address 0x0000000008000250
                0x0000000020000000                . = ALIGN (0x4)
                0x0000000020000000                _sdata = .
 *(.data)
 .data          0x0000000020000000        0x0 main.o
 .data          0x0000000020000000        0x0 startup.o
                0x0000000020000000                . = ALIGN (0x4)
                0x0000000020000000                _edata = .

.igot.plt       0x0000000020000000        0x0 load address 0x0000000008000250
 .igot.plt      0x0000000020000000        0x0 startup.o

.bss            0x0000000020000000        0x0 load address 0x0000000008000250
                0x0000000020000000                . = ALIGN (0x4)
                0x0000000020000000                _sbss = .
 *(.bss)
 .bss           0x0000000020000000        0x0 main.o
 .bss           0x0000000020000000        0x0 startup.o
                0x0000000020000000                . = ALIGN (0x4)
                0x0000000020000000                _ebss = .
OUTPUT(main.elf elf32-littlearm)
LOAD linker stubs

.comment        0x0000000000000000       0x33
 .comment       0x0000000000000000       0x33 main.o
                                         0x34 (size before relaxing)
 .comment       0x0000000000000033       0x34 startup.o

.ARM.attributes
                0x0000000000000000       0x2e
 .ARM.attributes
                0x0000000000000000       0x2e main.o
 .ARM.attributes
                0x000000000000002e       0x2e startup.o
